// Jest Snapshot v1, https://goo.gl/fbAQLP

exports[`BeforeAfter component should render correctly with images 1`] = `
<div class="images-wrapper"><img src="img.jpg" alt="Before image" class="before-image">
  <div class="compare-overlay" style="width: 50%;"><img src="img.jpg" alt="After image" class="after-image" style="width: 0px;"></div> <input type="range" min="0" max="100" step="0.1" tabindex="-1" class="compare__range">
  <div class="handle-wrap" style="left: 50%;">
    <div class="handle"><svg xmlns="http://www.w3.org/2000/svg" width="24" height="24" viewBox="0 0 24 24" fill="none" stroke="currentColor" stroke-width="2" stroke-linecap="round" stroke-linejoin="round" class="handle__arrow handle__arrow--l">
        <polyline points="15 18 9 12 15 6"></polyline>
      </svg> <svg xmlns="http://www.w3.org/2000/svg" width="24" height="24" viewBox="0 0 24 24" fill="none" stroke="currentColor" stroke-width="2" stroke-linecap="round" stroke-linejoin="round" class="handle__arrow handle__arrow--r">
        <polyline points="9 18 15 12 9 6"></polyline>
      </svg></div> <span class="handle-line"></span>
  </div>
</div>
`;
